debugging here...
page size: 2226
https://kevinli-webbertech.github.io/css/index.css, status_code: 200
page size: 898
https://kevinli-webbertech.github.io/css/tree.css, status_code: 200
page size: 771
https://kevinli-webbertech.github.io/blog/html/learning_resources.html, status_code: 200
page size: 805
https://kevinli-webbertech.github.io/blog/html/ref/database/mysql_driver.html, status_code: 200
page size: 632812
https://www.youtube.com/playlist?list=PLsZezxKI7Eu62BBJMznr0Q8Vw2i5YylqV, status_code: 200
page size: 627055
https://www.youtube.com/playlist?list=PLsZezxKI7Eu7qVtc-nIhHLY64fS716H2U, status_code: 200
page size: 778
https://kevinli-webbertech.github.io/blog/html/howto/visualStudioCode.html, status_code: 200
page size: 12449
https://www.markdownguide.org/cheat-sheet/, status_code: 200
page size: 775
https://kevinli-webbertech.github.io/blog/html/howto/video_editing.html, status_code: 200
page size: 770
https://kevinli-webbertech.github.io/blog/html/howto/markdown.html, status_code: 200
page size: 854
https://kevinli-webbertech.github.io/blog/html/courses/database/syllabus.html, status_code: 200
page size: 844
https://kevinli-webbertech.github.io/blog/html/courses/database/Intro_DBMS.html, status_code: 200
page size: 855
https://kevinli-webbertech.github.io/blog/html/courses/database/homework/homework1.html, status_code: 200
page size: 850
https://kevinli-webbertech.github.io/blog/html/courses/database/relational_model.html, status_code: 200
page size: 855
https://kevinli-webbertech.github.io/blog/html/courses/database/homework/homework2.html, status_code: 200
page size: 844
https://kevinli-webbertech.github.io/blog/html/courses/database/ER_diagram.html, status_code: 200
page size: 855
https://kevinli-webbertech.github.io/blog/html/courses/database/homework/homework3.html, status_code: 200
page size: 858
https://kevinli-webbertech.github.io/blog/html/courses/database/relational_normalization.html, status_code: 200
page size: 855
https://kevinli-webbertech.github.io/blog/html/courses/database/homework/homework4.html, status_code: 200
page size: 851
https://kevinli-webbertech.github.io/blog/html/courses/database/sql_programming_1.html, status_code: 200
page size: 851
https://kevinli-webbertech.github.io/blog/html/courses/database/sql_programming_2.html, status_code: 200
page size: 855
https://kevinli-webbertech.github.io/blog/html/courses/database/homework/homework5.html, status_code: 200
page size: 851
https://kevinli-webbertech.github.io/blog/html/courses/database/sql_programming_3.html, status_code: 200
page size: 855
https://kevinli-webbertech.github.io/blog/html/courses/database/homework/homework6.html, status_code: 200
page size: 851
https://kevinli-webbertech.github.io/blog/html/courses/database/sql_programming_4.html, status_code: 200
page size: 843
https://kevinli-webbertech.github.io/blog/html/courses/database/mongodb_1.html, status_code: 200
page size: 855
https://kevinli-webbertech.github.io/blog/html/courses/database/homework/homework7.html, status_code: 200
page size: 843
https://kevinli-webbertech.github.io/blog/html/courses/database/mongodb_2.html, status_code: 200
page size: 855
https://kevinli-webbertech.github.io/blog/html/courses/database/homework/homework8.html, status_code: 200
page size: 843
https://kevinli-webbertech.github.io/blog/html/courses/database/mongodb_3.html, status_code: 200
page size: 864
https://kevinli-webbertech.github.io/blog/html/courses/advanced_database/homework/homework9.html, status_code: 200
page size: 843
https://kevinli-webbertech.github.io/blog/html/courses/database/mongodb_4.html, status_code: 200
page size: 864
https://kevinli-webbertech.github.io/blog/html/courses/advanced_database/homework/homework9.html, status_code: 200
page size: 859
https://kevinli-webbertech.github.io/blog/html/courses/database/python_data_programming_1.html, status_code: 200
page size: 859
https://kevinli-webbertech.github.io/blog/html/courses/database/python_data_programming_2.html, status_code: 200
page size: 851
https://kevinli-webbertech.github.io/blog/html/courses/database/homework/final.html, status_code: 200
page size: 824
https://kevinli-webbertech.github.io/blog/html/courses/databaseII/syllabus.html, status_code: 200
page size: 1164
https://kevinli-webbertech.github.io/blog/html/courses/databaseII/relational_basics.html, status_code: 200
page size: 846
https://kevinli-webbertech.github.io/blog/html/courses/databaseII/homework1.html, status_code: 200
page size: 967
https://kevinli-webbertech.github.io/blog/html/courses/databaseII/sql_programming1.html, status_code: 200
page size: 967
https://kevinli-webbertech.github.io/blog/html/courses/databaseII/sql_programming2.html, status_code: 200
page size: 846
https://kevinli-webbertech.github.io/blog/html/courses/databaseII/homework2.html, status_code: 200
page size: 843
https://kevinli-webbertech.github.io/blog/html/courses/database/mongodb_1.html, status_code: 200
page size: 843
https://kevinli-webbertech.github.io/blog/html/courses/database/mongodb_2.html, status_code: 200
page size: 865
https://kevinli-webbertech.github.io/blog/html/courses/advanced_database/homework/homework10.html, status_code: 200
page size: 843
https://kevinli-webbertech.github.io/blog/html/courses/database/mongodb_3.html, status_code: 200
page size: 843
https://kevinli-webbertech.github.io/blog/html/courses/database/mongodb_4.html, status_code: 200
page size: 859
https://kevinli-webbertech.github.io/blog/html/courses/database/python_data_programming_1.html, status_code: 200
page size: 859
https://kevinli-webbertech.github.io/blog/html/courses/database/python_data_programming_2.html, status_code: 200
page size: 851
https://kevinli-webbertech.github.io/blog/html/courses/database/homework/final.html, status_code: 200
page size: 851
https://kevinli-webbertech.github.io/blog/html/courses/advanced_database/syllabus.html, status_code: 200
page size: 844
https://kevinli-webbertech.github.io/blog/html/courses/database/Intro_DBMS.html, status_code: 200
page size: 864
https://kevinli-webbertech.github.io/blog/html/courses/advanced_database/homework/homework1.html, status_code: 200
page size: 858
https://kevinli-webbertech.github.io/blog/html/courses/advanced_database/SQL_Programming.html, status_code: 200
page size: 864
https://kevinli-webbertech.github.io/blog/html/courses/advanced_database/homework/homework2.html, status_code: 200
page size: 850
https://kevinli-webbertech.github.io/blog/html/courses/database/relational_model.html, status_code: 200
page size: 858
https://kevinli-webbertech.github.io/blog/html/courses/database/relational_normalization.html, status_code: 200
page size: 844
https://kevinli-webbertech.github.io/blog/html/courses/database/ER_diagram.html, status_code: 200
page size: 864
https://kevinli-webbertech.github.io/blog/html/courses/advanced_database/homework/homework3.html, status_code: 200
page size: 865
https://kevinli-webbertech.github.io/blog/html/courses/advanced_database/cassandra_introduction.html, status_code: 200
page size: 864
https://kevinli-webbertech.github.io/blog/html/courses/advanced_database/cassandra_programming.html, status_code: 200
page size: 864
https://kevinli-webbertech.github.io/blog/html/courses/advanced_database/homework/homework4.html, status_code: 200
page size: 846
https://kevinli-webbertech.github.io/blog/html/courses/advanced_database/xml.html, status_code: 200
page size: 864
https://kevinli-webbertech.github.io/blog/html/courses/advanced_database/homework/homework5.html, status_code: 200
page size: 858
https://kevinli-webbertech.github.io/blog/html/courses/advanced_database/web_development.html, status_code: 200
page size: 863
https://kevinli-webbertech.github.io/blog/html/courses/advanced_database/homework/mid-term.html, status_code: 200
page size: 855
https://kevinli-webbertech.github.io/blog/html/courses/advanced_database/microservice.html, status_code: 200
page size: 864
https://kevinli-webbertech.github.io/blog/html/courses/advanced_database/homework/homework7.html, status_code: 200
page size: 846
https://kevinli-webbertech.github.io/blog/html/courses/advanced_database/orm.html, status_code: 200
page size: 864
https://kevinli-webbertech.github.io/blog/html/courses/advanced_database/homework/homework6.html, status_code: 200
page size: 859
https://kevinli-webbertech.github.io/blog/html/courses/advanced_database/database_storage.html, status_code: 200
page size: 867
https://kevinli-webbertech.github.io/blog/html/courses/advanced_database/database_internals_btree.html, status_code: 200
page size: 863
https://kevinli-webbertech.github.io/blog/html/courses/advanced_database/transaction_recovery.html, status_code: 200
page size: 864
https://kevinli-webbertech.github.io/blog/html/courses/advanced_database/homework/homework8.html, status_code: 200
page size: 864
https://kevinli-webbertech.github.io/blog/html/courses/advanced_database/homework/homework9.html, status_code: 200
page size: 843
https://kevinli-webbertech.github.io/blog/html/courses/database/mongodb_1.html, status_code: 200
page size: 843
https://kevinli-webbertech.github.io/blog/html/courses/database/mongodb_2.html, status_code: 200
page size: 843
https://kevinli-webbertech.github.io/blog/html/courses/database/mongodb_3.html, status_code: 200
page size: 843
https://kevinli-webbertech.github.io/blog/html/courses/database/mongodb_4.html, status_code: 200
page size: 865
https://kevinli-webbertech.github.io/blog/html/courses/advanced_database/homework/homework10.html, status_code: 200
page size: 856
https://kevinli-webbertech.github.io/blog/html/courses/big_data/hadoop/Intro_hadoop.html, status_code: 200
page size: 856
https://kevinli-webbertech.github.io/blog/html/courses/big_data/hadoop/Installation.html, status_code: 200
page size: 992
https://kevinli-webbertech.github.io/blog/html/courses/big_data/hadoop/hadoop_lab.html, status_code: 200
page size: 865
https://kevinli-webbertech.github.io/blog/html/courses/advanced_database/homework/homework11.html, status_code: 200
page size: 44254
https://kevinli-webbertech.github.io/blog/md/courses/advanced_database/homework/final.pdf, status_code: 200
page size: 869
https://kevinli-webbertech.github.io/blog/html/courses/big_data/big_data_analytics_syllabus.html, status_code: 200
page size: 858
https://kevinli-webbertech.github.io/blog/html/courses/big_data/big_data_analytics_intro.html, status_code: 200
page size: 860
https://kevinli-webbertech.github.io/blog/html/courses/big_data/big_data_platforms.html, status_code: 200
page size: 863
https://kevinli-webbertech.github.io/blog/html/courses/big_data/homework/homework1.html, status_code: 200
page size: 857
https://kevinli-webbertech.github.io/blog/html/courses/big_data/numpy/numpy.html, status_code: 200
page size: 863
https://kevinli-webbertech.github.io/blog/html/courses/big_data/homework/homework2.html, status_code: 200
page size: 1909
https://kevinli-webbertech.github.io/blog/html/courses/big_data/pandas/pandas1.html, status_code: 200
page size: 1548
https://kevinli-webbertech.github.io/blog/html/courses/big_data/pandas/pandas2.html, status_code: 200
page size: 1005
https://kevinli-webbertech.github.io/blog/html/courses/big_data/pandas/pandas3.html, status_code: 200
page size: 863
https://kevinli-webbertech.github.io/blog/html/courses/big_data/homework/homework3.html, status_code: 200
page size: 856
https://kevinli-webbertech.github.io/blog/html/courses/big_data/hadoop/Installation.html, status_code: 200
page size: 992
https://kevinli-webbertech.github.io/blog/html/courses/big_data/hadoop/hadoop_lab.html, status_code: 200
page size: 1169
https://kevinli-webbertech.github.io/blog/html/courses/big_data/spark/Spark_Intro.html, status_code: 200
page size: 813
https://kevinli-webbertech.github.io/blog/html/courses/big_data/spark/PySpark_Application.html, status_code: 200
page size: 862
https://kevinli-webbertech.github.io/blog/html/courses/big_data/homework/mid_term.html, status_code: 200
page size: 797
https://kevinli-webbertech.github.io/blog/html/courses/big_data/spark/RDD.html, status_code: 200
page size: 803
https://kevinli-webbertech.github.io/blog/html/courses/big_data/spark/Spark_SQL.html, status_code: 200
page size: 802
https://kevinli-webbertech.github.io/blog/html/courses/big_data/spark/Spark_ML.html, status_code: 200
page size: 811
https://kevinli-webbertech.github.io/blog/html/courses/big_data/spark/Spark_classic_ml.html, status_code: 200
page size: 863
https://kevinli-webbertech.github.io/blog/html/courses/big_data/homework/homework4.html, status_code: 200
page size: 850
https://kevinli-webbertech.github.io/blog/html/courses/machine_learning/ml_intro.html, status_code: 200
page size: 856
https://kevinli-webbertech.github.io/blog/html/courses/machine_learning/mathematics_nn.html, status_code: 200
page size: 844
https://kevinli-webbertech.github.io/blog/html/courses/machine_learning/nn.html, status_code: 200
page size: 858
https://kevinli-webbertech.github.io/blog/html/courses/machine_learning/classic_ml_intro.html, status_code: 200
page size: 854
https://kevinli-webbertech.github.io/blog/html/courses/machine_learning/scikit-learn.html, status_code: 200
page size: 875
https://kevinli-webbertech.github.io/blog/html/courses/machine_learning/HyperparametersAndModelValidation.html, status_code: 200
page size: 862
https://kevinli-webbertech.github.io/blog/html/courses/big_data/ml/MachineLearningExample.html, status_code: 200
page size: 851
https://kevinli-webbertech.github.io/blog/html/courses/big_data/ml/HuggingFace.html, status_code: 200
page size: 843
https://kevinli-webbertech.github.io/blog/html/courses/big_data/ml/LLM.html, status_code: 200
page size: 867
https://kevinli-webbertech.github.io/blog/html/courses/big_data/homework/final_project.html, status_code: 200
page size: 908
https://kevinli-webbertech.github.io/blog/html/courses/data_visualization/syllabus.html, status_code: 200
page size: 924
https://kevinli-webbertech.github.io/blog/html/courses/data_visualization/data_visualization_intro.html, status_code: 200
page size: 928
https://kevinli-webbertech.github.io/blog/html/courses/data_visualization/mathplotlib/mathplotlib_1.html, status_code: 200
page size: 928
https://kevinli-webbertech.github.io/blog/html/courses/data_visualization/mathplotlib/mathplotlib_2.html, status_code: 200
page size: 921
https://kevinli-webbertech.github.io/blog/html/courses/data_visualization/homework/homework2.html, status_code: 200
page size: 928
https://kevinli-webbertech.github.io/blog/html/courses/data_visualization/mathplotlib/mathplotlib_3.html, status_code: 200
page size: 921
https://kevinli-webbertech.github.io/blog/html/courses/data_visualization/homework/homework3.html, status_code: 200
page size: 928
https://kevinli-webbertech.github.io/blog/html/courses/data_visualization/mathplotlib/mathplotlib_4.html, status_code: 200
page size: 928
https://kevinli-webbertech.github.io/blog/html/courses/data_visualization/mathplotlib/mathplotlib_5.html, status_code: 200
page size: 921
https://kevinli-webbertech.github.io/blog/html/courses/data_visualization/homework/homework4.html, status_code: 200
page size: 915
https://kevinli-webbertech.github.io/blog/html/courses/data_visualization/seaborn/seaborn.html, status_code: 200
page size: 921
https://kevinli-webbertech.github.io/blog/html/courses/data_visualization/homework/homework5.html, status_code: 200
page size: 910
https://kevinli-webbertech.github.io/blog/html/courses/data_visualization/d3/d3_1.html, status_code: 200
page size: 910
https://kevinli-webbertech.github.io/blog/html/courses/data_visualization/d3/d3_2.html, status_code: 200
page size: 921
https://kevinli-webbertech.github.io/blog/html/courses/data_visualization/homework/homework6.html, status_code: 200
page size: 910
https://kevinli-webbertech.github.io/blog/html/courses/data_visualization/d3/d3_3.html, status_code: 200
page size: 910
https://kevinli-webbertech.github.io/blog/html/courses/data_visualization/d3/d3_4.html, status_code: 200
page size: 920
https://kevinli-webbertech.github.io/blog/html/courses/data_visualization/echarts/echarts_1.html, status_code: 200
page size: 920
https://kevinli-webbertech.github.io/blog/html/courses/data_visualization/echarts/echarts_2.html, status_code: 200
page size: 920
https://kevinli-webbertech.github.io/blog/html/courses/data_visualization/echarts/echarts_3.html, status_code: 200
page size: 920
https://kevinli-webbertech.github.io/blog/html/courses/data_visualization/echarts/echarts_4.html, status_code: 200
page size: 913
https://kevinli-webbertech.github.io/blog/html/courses/data_visualization/intro_tableau.html, status_code: 200
page size: 914
https://kevinli-webbertech.github.io/blog/html/courses/data_visualization/intro_power_bi.html, status_code: 200
page size: 925
https://kevinli-webbertech.github.io/blog/html/courses/computer_architecture/signed_unsigned_number.html, status_code: 200
page size: 917
https://kevinli-webbertech.github.io/blog/html/courses/computer_architecture/virtualization.html, status_code: 200
page size: 921
https://kevinli-webbertech.github.io/blog/html/courses/computer_architecture/cpu_virtualization.html, status_code: 200
page size: 908
https://kevinli-webbertech.github.io/blog/html/courses/computer_architecture/cloud.html, status_code: 200
page size: 919
https://kevinli-webbertech.github.io/blog/html/courses/computer_architecture/quantum_computer.html, status_code: 200
page size: 907
https://kevinli-webbertech.github.io/blog/html/courses/computer_forensic/syllabus.html, status_code: 200
page size: 920
https://kevinli-webbertech.github.io/blog/html/courses/computer_forensic/introduction/intro.html, status_code: 200
page size: 922
https://kevinli-webbertech.github.io/blog/html/courses/computer_forensic/introduction/history.html, status_code: 200
page size: 920
https://kevinli-webbertech.github.io/blog/html/courses/computer_forensic/introduction/areas.html, status_code: 200
page size: 920
https://kevinli-webbertech.github.io/blog/html/courses/computer_forensic/introduction/types.html, status_code: 200
page size: 920
https://kevinli-webbertech.github.io/blog/html/courses/computer_forensic/introduction/tools, status_code: 200
page size: 920
https://kevinli-webbertech.github.io/blog/html/courses/computer_forensic/introduction/trend.html, status_code: 200
page size: 939
https://kevinli-webbertech.github.io/blog/html/courses/computer_forensic/introduction/cybersecurityAndForensic.html, status_code: 200
page size: 925
https://kevinli-webbertech.github.io/blog/html/courses/computer_forensic/introduction/challenges.html, status_code: 200
page size: 928
https://kevinli-webbertech.github.io/blog/html/courses/computer_forensic/introduction/anti-forensic.html, status_code: 200
page size: 920
https://kevinli-webbertech.github.io/blog/html/courses/computer_forensic/introduction/legal.html, status_code: 200
page size: 925
https://kevinli-webbertech.github.io/blog/html/courses/computer_forensic/introduction/compliance.html, status_code: 200
page size: 928
https://kevinli-webbertech.github.io/blog/html/courses/computer_forensic/introduction/certification.html, status_code: 200
page size: 920
https://kevinli-webbertech.github.io/blog/html/courses/computer_forensic/homework/homework1.html, status_code: 200
page size: 929
https://kevinli-webbertech.github.io/blog/html/courses/computer_forensic/introduction/acquiring_data.html, status_code: 200
page size: 919
https://kevinli-webbertech.github.io/blog/html/courses/computer_forensic/linux_security/dd.html, status_code: 200
page size: 928
https://kevinli-webbertech.github.io/blog/html/courses/computer_forensic/linux_security/lab-hexedit.html, status_code: 200
page size: 923
https://kevinli-webbertech.github.io/blog/html/courses/computer_forensic/linux_security/lab-dd.html, status_code: 200
page size: 930
https://kevinli-webbertech.github.io/blog/html/courses/computer_forensic/introduction/persisting_data.html, status_code: 200
page size: 933
https://kevinli-webbertech.github.io/blog/html/courses/computer_forensic/introduction/analyzingAndReport.html, status_code: 200
page size: 920
https://kevinli-webbertech.github.io/blog/html/courses/computer_forensic/homework/homework2.html, status_code: 200
page size: 943
https://kevinli-webbertech.github.io/blog/html/courses/computer_forensic/file_system_forensic/file_system_forensic.html, status_code: 200
page size: 934
https://kevinli-webbertech.github.io/blog/html/courses/computer_forensic/file_system_forensic/linux_tools.html, status_code: 200
page size: 932
https://kevinli-webbertech.github.io/blog/html/courses/computer_forensic/file_system_forensic/mac_tools.html, status_code: 200
page size: 936
https://kevinli-webbertech.github.io/blog/html/courses/computer_forensic/file_system_forensic/windows_tools.html, status_code: 200
page size: 938
https://kevinli-webbertech.github.io/blog/html/courses/computer_forensic/file_system_forensic/Steganography_1.html, status_code: 200
page size: 938
https://kevinli-webbertech.github.io/blog/html/courses/computer_forensic/file_system_forensic/Steganography_2.html, status_code: 200
page size: 942
https://kevinli-webbertech.github.io/blog/html/courses/computer_forensic/file_system_forensic/lab_stegonography_1.html, status_code: 200
page size: 942
https://kevinli-webbertech.github.io/blog/html/courses/computer_forensic/file_system_forensic/lab_stegonography_2.html, status_code: 200
page size: 927
https://kevinli-webbertech.github.io/blog/html/courses/computer_forensic/file_system_forensic/LIEF.html, status_code: 200
page size: 929
https://kevinli-webbertech.github.io/blog/html/courses/computer_forensic/file_system_forensic/sleuth.html, status_code: 200
page size: 928
https://kevinli-webbertech.github.io/blog/html/courses/computer_forensic/file_system_forensic/Plaso.html, status_code: 200
page size: 920
https://kevinli-webbertech.github.io/blog/html/courses/computer_forensic/homework/homework3.html, status_code: 200
page size: 927
https://kevinli-webbertech.github.io/blog/html/courses/computer_forensic/linux_security/kali_linux.html, status_code: 200
page size: 934
https://kevinli-webbertech.github.io/blog/html/courses/computer_forensic/linux_security/cracking_password.html, status_code: 200
page size: 936
https://kevinli-webbertech.github.io/blog/html/courses/computer_forensic/linux_security/lab-john_the_ripper.html, status_code: 200
page size: 928
https://kevinli-webbertech.github.io/blog/html/courses/computer_forensic/linux_security/lab-hashcat.html, status_code: 200
page size: 931
https://kevinli-webbertech.github.io/blog/html/courses/computer_forensic/linux_security/linux_security.html, status_code: 200
page size: 924
https://kevinli-webbertech.github.io/blog/html/courses/computer_forensic/linux_security/SELinux.html, status_code: 200
page size: 925
https://kevinli-webbertech.github.io/blog/html/courses/computer_forensic/linux_security/Logcheck.html, status_code: 200
page size: 938
https://kevinli-webbertech.github.io/blog/html/courses/computer_forensic/linux_security/logcheck_logfiltering.html, status_code: 200
page size: 946
https://kevinli-webbertech.github.io/blog/html/courses/computer_forensic/linux_security/Logcheck_fail2ban_integration.html, status_code: 200
page size: 950
https://kevinli-webbertech.github.io/blog/html/courses/computer_forensic/linux_security/logcheck_fail2ban_real_monitoring.html, status_code: 200
page size: 923
https://kevinli-webbertech.github.io/blog/html/courses/computer_forensic/linux_security/syslog.html, status_code: 200
page size: 945
https://kevinli-webbertech.github.io/blog/html/courses/computer_forensic/linux_security/volatility_memory_forensic_1.html, status_code: 200
page size: 945
https://kevinli-webbertech.github.io/blog/html/courses/computer_forensic/linux_security/volatility_memory_forensic_2.html, status_code: 200
page size: 945
https://kevinli-webbertech.github.io/blog/html/courses/computer_forensic/linux_security/volatility_memory_forensic_3.html, status_code: 200
page size: 936
https://kevinli-webbertech.github.io/blog/html/courses/computer_forensic/linux_security/penetration_testing.html, status_code: 200
page size: 920
https://kevinli-webbertech.github.io/blog/html/courses/computer_forensic/homework/homework4.html, status_code: 200
page size: 920
https://kevinli-webbertech.github.io/blog/html/courses/computer_forensic/homework/homework5.html, status_code: 200
page size: 918
https://kevinli-webbertech.github.io/blog/html/courses/computer_forensic/homework/midterm.html, status_code: 200
page size: 942
https://kevinli-webbertech.github.io/blog/html/courses/computer_forensic/network_forensic/computer_network_basics.html, status_code: 200
page size: 922
https://kevinli-webbertech.github.io/blog/html/courses/computer_forensic/network_forensic/OSI.html, status_code: 200
page size: 925
https://kevinli-webbertech.github.io/blog/html/courses/computer_forensic/network_forensic/tcp_ip.html, status_code: 200
page size: 938
https://kevinli-webbertech.github.io/blog/html/courses/computer_forensic/network_forensic/ipv4_public_private.html, status_code: 200
page size: 934
https://kevinli-webbertech.github.io/blog/html/courses/computer_forensic/network_forensic/ipv4_subnetting.html, status_code: 200
page size: 922
https://kevinli-webbertech.github.io/blog/html/courses/computer_forensic/network_forensic/nat.html, status_code: 200
page size: 941
https://kevinli-webbertech.github.io/blog/html/courses/computer_forensic/network_forensic/network_forensic_tools.html, status_code: 200
page size: 925
https://kevinli-webbertech.github.io/blog/html/courses/computer_forensic/network_forensic/router.html, status_code: 200
page size: 932
https://kevinli-webbertech.github.io/blog/html/courses/computer_forensic/network_forensic/port_scanning.html, status_code: 200
page size: 932
https://kevinli-webbertech.github.io/blog/html/courses/computer_forensic/network_forensic/lab_wireshark.html, status_code: 200
page size: 913
https://kevinli-webbertech.github.io/blog/html/courses/cybersecurity/public_private_key.html, status_code: 200
page size: 915
https://kevinli-webbertech.github.io/blog/html/courses/cybersecurity/encryption_algorithm.html, status_code: 200
page size: 902
https://kevinli-webbertech.github.io/blog/html/courses/cybersecurity/openssh.html, status_code: 200
page size: 913
https://kevinli-webbertech.github.io/blog/html/courses/cybersecurity/ssh_authentication.html, status_code: 200
page size: 902
https://kevinli-webbertech.github.io/blog/html/courses/cybersecurity/ssl_tsl.html, status_code: 200
page size: 899
https://kevinli-webbertech.github.io/blog/html/courses/cybersecurity/x509.html, status_code: 200
page size: 898
https://kevinli-webbertech.github.io/blog/html/courses/cybersecurity/pem.html, status_code: 200
page size: 898
https://kevinli-webbertech.github.io/blog/html/courses/cybersecurity/pgp.html, status_code: 200
page size: 898
https://kevinli-webbertech.github.io/blog/html/courses/cybersecurity/jwt.html, status_code: 200
page size: 906
https://kevinli-webbertech.github.io/blog/html/courses/cybersecurity/mathematics.html, status_code: 200
page size: 899
https://kevinli-webbertech.github.io/blog/html/courses/cybersecurity/ECDH.html, status_code: 200
page size: 909
https://kevinli-webbertech.github.io/blog/html/courses/cybersecurity/security_tools.html, status_code: 200
page size: 916
https://kevinli-webbertech.github.io/blog/html/courses/cybersecurity/certificate_authority.html, status_code: 200
page size: 920
https://kevinli-webbertech.github.io/blog/html/courses/computer_forensic/homework/homework6.html, status_code: 200
page size: 920
https://kevinli-webbertech.github.io/blog/html/courses/computer_forensic/homework/homework7.html, status_code: 200
https://kevinli-webbertech.github.io/blog/html/courses/cybersecurity/ is broken.., add it to the final set.
404
https://kevinli-webbertech.github.io/blog/html/courses/cybersecurity/ is broken.., add it to the final set.
404
https://kevinli-webbertech.github.io/blog/html/courses/cybersecurity/ is broken.., add it to the final set.
404
page size: 917
https://kevinli-webbertech.github.io/blog/html/courses/computer_forensic/homework/final.html, status_code: 200
page size: 910
https://kevinli-webbertech.github.io/blog/html/courses/data_structures_java/syllabus.html, status_code: 200
page size: 912
https://kevinli-webbertech.github.io/blog/html/courses/data_structures_java/linkedlist.html, status_code: 200
page size: 907
https://kevinli-webbertech.github.io/blog/html/courses/data_structures_java/stack.html, status_code: 200
page size: 907
https://kevinli-webbertech.github.io/blog/html/courses/data_structures_java/queue.html, status_code: 200
page size: 916
https://kevinli-webbertech.github.io/blog/html/courses/data_structures_java/priority_queue.html, status_code: 200
page size: 915
https://kevinli-webbertech.github.io/blog/html/courses/data_structures_java/basic_sorting.html, status_code: 200
page size: 918
https://kevinli-webbertech.github.io/blog/html/courses/data_structures_java/advanced_sorting.html, status_code: 200
page size: 913
https://kevinli-webbertech.github.io/blog/html/courses/data_structures_java/binary_tree.html, status_code: 200
page size: 920
https://kevinli-webbertech.github.io/blog/html/courses/data_structures_java/binary_search_tree.html, status_code: 200
page size: 906
https://kevinli-webbertech.github.io/blog/html/courses/data_structures_java/trie.html, status_code: 200
page size: 914
https://kevinli-webbertech.github.io/blog/html/courses/data_structures_java/huffman_tree.html, status_code: 200
page size: 910
https://kevinli-webbertech.github.io/blog/html/courses/data_structures_java/AVL_tree.html, status_code: 200
page size: 908
https://kevinli-webbertech.github.io/blog/html/courses/data_structures_java/b_tree.html, status_code: 200
page size: 918
https://kevinli-webbertech.github.io/blog/html/courses/data_structures_java/RedAndBlack_tree.html, status_code: 200
page size: 905
https://kevinli-webbertech.github.io/blog/html/courses/data_structures_java/mst.html, status_code: 200
page size: 921
https://kevinli-webbertech.github.io/blog/html/courses/data_structures_java/shortest_path_graph.html, status_code: 200
page size: 920
https://kevinli-webbertech.github.io/blog/html/courses/data_structures_java/amortized_analysis.html, status_code: 200
page size: 924
https://kevinli-webbertech.github.io/blog/html/courses/data_structures_java/algorithms/leetcode.html, status_code: 200
page size: 928
https://kevinli-webbertech.github.io/blog/html/courses/data_structures_java/algorithms/backtracking.html, status_code: 200
page size: 930
https://kevinli-webbertech.github.io/blog/html/courses/data_structures_java/algorithms/sliding_window.html, status_code: 200
page size: 935
https://kevinli-webbertech.github.io/blog/html/courses/data_structures_java/algorithms/dynamic_programming.html, status_code: 200
page size: 922
https://kevinli-webbertech.github.io/blog/html/courses/data_structures_java/algorithms/greedy.html, status_code: 200
page size: 934
https://kevinli-webbertech.github.io/blog/html/courses/data_structures_java/algorithms/divide_and_conquer.html, status_code: 200
page size: 919
https://kevinli-webbertech.github.io/blog/html/courses/data_structures_java/algorithms/bfs.html, status_code: 200
page size: 919
https://kevinli-webbertech.github.io/blog/html/courses/data_structures_java/algorithms/dfs.html, status_code: 200
page size: 912
https://kevinli-webbertech.github.io/blog/html/courses/data_structures_python/syllabus.html, status_code: 200
page size: 914
https://kevinli-webbertech.github.io/blog/html/courses/data_structures_python/linkedlist.html, status_code: 200
page size: 909
https://kevinli-webbertech.github.io/blog/html/courses/data_structures_python/stack.html, status_code: 200
page size: 909
https://kevinli-webbertech.github.io/blog/html/courses/data_structures_python/queue.html, status_code: 200
page size: 918
https://kevinli-webbertech.github.io/blog/html/courses/data_structures_python/priority_queue.html, status_code: 200
page size: 911
https://kevinli-webbertech.github.io/blog/html/courses/data_structures_python/sorting.html, status_code: 200
page size: 915
https://kevinli-webbertech.github.io/blog/html/courses/data_structures_python/binary_tree.html, status_code: 200
page size: 922
https://kevinli-webbertech.github.io/blog/html/courses/data_structures_python/binary_search_tree.html, status_code: 200
page size: 908
https://kevinli-webbertech.github.io/blog/html/courses/data_structures_python/trie.html, status_code: 200
page size: 916
https://kevinli-webbertech.github.io/blog/html/courses/data_structures_python/huffman_tree.html, status_code: 200
page size: 912
https://kevinli-webbertech.github.io/blog/html/courses/data_structures_python/AVL_tree.html, status_code: 200
page size: 910
https://kevinli-webbertech.github.io/blog/html/courses/data_structures_python/b_tree.html, status_code: 200
page size: 920
https://kevinli-webbertech.github.io/blog/html/courses/data_structures_python/RedAndBlack_tree.html, status_code: 200
page size: 907
https://kevinli-webbertech.github.io/blog/html/courses/data_structures_python/mst.html, status_code: 200
page size: 923
https://kevinli-webbertech.github.io/blog/html/courses/data_structures_python/shortest_path_graph.html, status_code: 200
page size: 907
https://kevinli-webbertech.github.io/blog/html/courses/Javascript_ES/introduction.html, status_code: 200
page size: 903
https://kevinli-webbertech.github.io/blog/html/courses/Javascript_ES/features.html, status_code: 200
page size: 915
https://kevinli-webbertech.github.io/blog/html/courses/Javascript_ES/enablement_placement.html, status_code: 200
page size: 912
https://kevinli-webbertech.github.io/blog/html/courses/Javascript_ES/javascript_basics.html, status_code: 200
page size: 904
https://kevinli-webbertech.github.io/blog/html/courses/Javascript_ES/dom_event.html, status_code: 200
page size: 906
https://kevinli-webbertech.github.io/blog/html/courses/Javascript_ES/flowcontrol.html, status_code: 200
page size: 904
https://kevinli-webbertech.github.io/blog/html/courses/Javascript_ES/functions.html, status_code: 200
page size: 900
https://kevinli-webbertech.github.io/blog/html/courses/Javascript_ES/class.html, status_code: 200
page size: 898
https://kevinli-webbertech.github.io/blog/html/courses/Javascript_ES/bom.html, status_code: 200
page size: 900
https://kevinli-webbertech.github.io/blog/html/courses/Javascript_ES/async.html, status_code: 200
page size: 902
https://kevinli-webbertech.github.io/blog/html/courses/Javascript_ES/web_api.html, status_code: 200
page size: 860
https://kevinli-webbertech.github.io/blog/html/courses/Javascript_ES/homework/homework1.html, status_code: 200
page size: 845
https://kevinli-webbertech.github.io/blog/html/courses/kotlin/kotlin_basics.html, status_code: 200
page size: 848
https://kevinli-webbertech.github.io/blog/html/courses/kotlin/kotlin_datatypes.html, status_code: 200
page size: 854
https://kevinli-webbertech.github.io/blog/html/courses/kotlin/kotlin_programcontroll.html, status_code: 200
page size: 845
https://kevinli-webbertech.github.io/blog/html/courses/kotlin/kotlin_basics.html, status_code: 200
page size: 847
https://kevinli-webbertech.github.io/blog/html/courses/kotlin/scope_functions.html, status_code: 200
page size: 842
https://kevinli-webbertech.github.io/blog/html/courses/kotlin/collection.html, status_code: 200
page size: 842
https://kevinli-webbertech.github.io/blog/html/courses/kotlin/functional.html, status_code: 200
page size: 842
https://kevinli-webbertech.github.io/blog/html/courses/kotlin/delegation.html, status_code: 200
page size: 842
https://kevinli-webbertech.github.io/blog/html/courses/kotlin/springboot.html, status_code: 200
page size: 918
https://kevinli-webbertech.github.io/blog/html/courses/linux_administration/linux_filesystem.html, status_code: 200
page size: 916
https://kevinli-webbertech.github.io/blog/html/courses/linux_administration/linux_accounts.html, status_code: 200
page size: 916
https://kevinli-webbertech.github.io/blog/html/courses/linux_administration/linux_profiles.html, status_code: 200
page size: 915
https://kevinli-webbertech.github.io/blog/html/courses/linux_administration/linux_devices.html, status_code: 200
page size: 910
https://kevinli-webbertech.github.io/blog/html/courses/linux_administration/storages.html, status_code: 200
page size: 918
https://kevinli-webbertech.github.io/blog/html/courses/linux_administration/package_software.html, status_code: 200
page size: 913
https://kevinli-webbertech.github.io/blog/html/courses/linux_administration/linux_shell.html, status_code: 200
page size: 917
https://kevinli-webbertech.github.io/blog/html/courses/linux_administration/linux_scripting.html, status_code: 200
page size: 915
https://kevinli-webbertech.github.io/blog/html/courses/linux_administration/linux_network.html, status_code: 200
page size: 905
https://kevinli-webbertech.github.io/blog/html/courses/linux_administration/gcc.html, status_code: 200
page size: 905
https://kevinli-webbertech.github.io/blog/html/courses/linux_administration/gdb.html, status_code: 200
page size: 904
https://kevinli-webbertech.github.io/blog/html/courses/linux_administration/ld.html, status_code: 200
page size: 923
https://kevinli-webbertech.github.io/blog/html/courses/linux_administration/linux_debugging_other.html, status_code: 200
page size: 919
https://kevinli-webbertech.github.io/blog/html/courses/linux_administration/linux_permissions.html, status_code: 200
page size: 841
https://kevinli-webbertech.github.io/blog/html/courses/dev_ops/syllabus.html, status_code: 200
page size: 916
https://kevinli-webbertech.github.io/blog/html/courses/dev_ops/docker/docker_cheatsheet.html, status_code: 200
page size: 920
https://kevinli-webbertech.github.io/blog/html/courses/dev_ops/docker/docker_best_practices.html, status_code: 200
page size: 916
https://kevinli-webbertech.github.io/blog/html/courses/dev_ops/docker/mac_docker_issues.html, status_code: 200
page size: 920
https://kevinli-webbertech.github.io/blog/html/courses/dev_ops/docker/windows_docker_issues.html, status_code: 200
page size: 905
https://kevinli-webbertech.github.io/blog/html/courses/dev_ops/k8s/k8s_basic.html, status_code: 200
page size: 906
https://kevinli-webbertech.github.io/blog/html/courses/dev_ops/k8s/k8s_config.html, status_code: 200
page size: 904
https://kevinli-webbertech.github.io/blog/html/courses/dev_ops/k8s/k8s_lab1.html, status_code: 200
page size: 904
https://kevinli-webbertech.github.io/blog/html/courses/dev_ops/k8s/k8s_lab2.html, status_code: 200
page size: 908
https://kevinli-webbertech.github.io/blog/html/courses/dev_ops/k8s/k8s_security.html, status_code: 200
page size: 852
https://kevinli-webbertech.github.io/blog/html/ref/machine_learning/deep_learning_cnn.html, status_code: 200
page size: 859
https://kevinli-webbertech.github.io/blog/html/ref/machine_learning/deep_learning_network.html, status_code: 200
page size: 860
https://kevinli-webbertech.github.io/blog/html/ref/machine_learning/deep_learning_resource.html, status_code: 200
page size: 849
https://kevinli-webbertech.github.io/blog/html/ref/machine_learning/huggingface.html, status_code: 200
page size: 856
https://kevinli-webbertech.github.io/blog/html/ref/machine_learning/deep_learning_cuda.html, status_code: 200
page size: 854
https://kevinli-webbertech.github.io/blog/html/ref/machine_learning/deep_learning_vm.html, status_code: 200
page size: 878
https://kevinli-webbertech.github.io/blog/html/courses/springboot/springboot_1.html, status_code: 200
page size: 878
https://kevinli-webbertech.github.io/blog/html/courses/springboot/springboot_2.html, status_code: 200
page size: 878
https://kevinli-webbertech.github.io/blog/html/courses/springboot/springboot_3.html, status_code: 200
page size: 878
https://kevinli-webbertech.github.io/blog/html/courses/springboot/springboot_4.html, status_code: 200
page size: 778
https://kevinli-webbertech.github.io/blog/html/courses/springboot/mid_term.html, status_code: 200
page size: 879
https://kevinli-webbertech.github.io/blog/html/courses/springboot/springboot_5.html, status_code: 200
page size: 878
https://kevinli-webbertech.github.io/blog/html/courses/springboot/springboot_6.html, status_code: 200
page size: 798
https://kevinli-webbertech.github.io/blog/html/courses/springboot/springboot_7.html, status_code: 200
page size: 885
https://kevinli-webbertech.github.io/blog/html/courses/springboot/springboot_8.html, status_code: 200
page size: 776
https://kevinli-webbertech.github.io/blog/html/ref/excel/excel_1.html, status_code: 200
page size: 776
https://kevinli-webbertech.github.io/blog/html/ref/excel/excel_2.html, status_code: 200
page size: 776
https://kevinli-webbertech.github.io/blog/html/ref/excel/excel_3.html, status_code: 200
page size: 776
https://kevinli-webbertech.github.io/blog/html/ref/excel/excel_4.html, status_code: 200
page size: 776
https://kevinli-webbertech.github.io/blog/html/ref/excel/excel_5.html, status_code: 200
page size: 776
https://kevinli-webbertech.github.io/blog/html/ref/excel/excel_6.html, status_code: 200
page size: 776
https://kevinli-webbertech.github.io/blog/html/ref/excel/excel_7.html, status_code: 200
page size: 776
https://kevinli-webbertech.github.io/blog/html/ref/excel/excel_8.html, status_code: 200
page size: 776
https://kevinli-webbertech.github.io/blog/html/ref/excel/excel_9.html, status_code: 200
page size: 777
https://kevinli-webbertech.github.io/blog/html/ref/excel/excel_10.html, status_code: 200
page size: 777
https://kevinli-webbertech.github.io/blog/html/ref/excel/excel_11.html, status_code: 200
page size: 799
https://kevinli-webbertech.github.io/blog/html/ref/python/pandas/Pandas_Introduction.html, status_code: 200
page size: 799
https://kevinli-webbertech.github.io/blog/html/ref/python/pandas/Pandas_Installation.html, status_code: 200
page size: 795
https://kevinli-webbertech.github.io/blog/html/ref/python/pandas/Pandas_features.html, status_code: 200
page size: 802
https://kevinli-webbertech.github.io/blog/html/ref/python/pandas/Pandas_Data_Structures.html, status_code: 200
page size: 800
https://kevinli-webbertech.github.io/blog/html/ref/python/pandas/Pandas_Functionality.html, status_code: 200
page size: 796
https://kevinli-webbertech.github.io/blog/html/ref/python/pandas/Pandas_DataFrame.html, status_code: 200
page size: 800
https://kevinli-webbertech.github.io/blog/html/ref/python/pandas/Pandas_Concatenation.html, status_code: 200
page size: 794
https://kevinli-webbertech.github.io/blog/html/ref/python/pandas/Pandas_merging.html, status_code: 200
page size: 803
https://kevinli-webbertech.github.io/blog/html/ref/python/pandas/Pandas_slicing_indexing.html, status_code: 200
page size: 797
https://kevinli-webbertech.github.io/blog/html/ref/python/pandas/Pandas_Reindexing.html, status_code: 200
page size: 793
https://kevinli-webbertech.github.io/blog/html/ref/python/pandas/Pandas_Series.html, status_code: 200
page size: 794
https://kevinli-webbertech.github.io/blog/html/ref/python/pandas/Pandas_Sorting.html, status_code: 200
page size: 798
https://kevinli-webbertech.github.io/blog/html/ref/python/pandas/Pandas_MissingData.html, status_code: 200
page size: 804
https://kevinli-webbertech.github.io/blog/html/ref/python/pandas/Pandas_DateFunctionality.html, status_code: 200
page size: 796
https://kevinli-webbertech.github.io/blog/html/ref/python/pandas/Pandas_Iteration.html, status_code: 200
page size: 795
https://kevinli-webbertech.github.io/blog/html/ref/python/pandas/Pandas_textdata.html, status_code: 200
page size: 796
https://kevinli-webbertech.github.io/blog/html/ref/python/pandas/Pandas_Timedelta.html, status_code: 200
page size: 799
https://kevinli-webbertech.github.io/blog/html/ref/python/pandas/Pandas_Aggregations.html, status_code: 200
page size: 802
https://kevinli-webbertech.github.io/blog/html/ref/python/pandas/Pandas_CategoricalData.html, status_code: 200
page size: 794
https://kevinli-webbertech.github.io/blog/html/ref/python/pandas/Pandas_groupby.html, status_code: 200
page size: 808
https://kevinli-webbertech.github.io/blog/html/ref/python/pandas/Pandas_OptionsCustomization.html, status_code: 200
page size: 807
https://kevinli-webbertech.github.io/blog/html/ref/python/pandas/Pandas_statisticalfunctions.html, status_code: 200
page size: 797
https://kevinli-webbertech.github.io/blog/html/ref/python/pandas/Pandas_SparseData.html, status_code: 200
page size: 800
https://kevinli-webbertech.github.io/blog/html/ref/python/pandas/Pandas_SQLoperations.html, status_code: 200
page size: 800
https://kevinli-webbertech.github.io/blog/html/ref/python/pandas/Pandas_Visualization.html, status_code: 200
page size: 802
https://kevinli-webbertech.github.io/blog/html/ref/python/pandas/Pandas_windowfunctions.html, status_code: 200
page size: 792
https://kevinli-webbertech.github.io/blog/html/ref/python/pandas/Pandas_Panel.html, status_code: 200
page size: 794
https://kevinli-webbertech.github.io/blog/html/ref/python/pandas/Pandas_IOTools.html, status_code: 200
page size: 802
https://kevinli-webbertech.github.io/blog/html/ref/python/pandas/Pandas_Caveats_Gotchas.html, status_code: 200
page size: 802
https://kevinli-webbertech.github.io/blog/html/ref/python/pandas/Descriptive_Statistics.html, status_code: 200
page size: 791
https://kevinli-webbertech.github.io/blog/html/ref/python/lang/python_basics.html, status_code: 200
page size: 792
https://kevinli-webbertech.github.io/blog/html/ref/python/lang/python_builtin.html, status_code: 200
page size: 792
https://kevinli-webbertech.github.io/blog/html/ref/python/lang/python_control.html, status_code: 200
page size: 799
https://kevinli-webbertech.github.io/blog/html/ref/python/lang/python_function_class.html, status_code: 200
page size: 794
https://kevinli-webbertech.github.io/blog/html/ref/python/lang/python_exception.html, status_code: 200
page size: 791
https://kevinli-webbertech.github.io/blog/html/ref/python/lang/python_lambda.html, status_code: 200
page size: 790
https://kevinli-webbertech.github.io/blog/html/ref/python/lang/python_regex.html, status_code: 200
page size: 791
https://kevinli-webbertech.github.io/blog/html/ref/python/lang/python_thread.html, status_code: 200
page size: 792
https://kevinli-webbertech.github.io/blog/html/ref/python/lang/python_network.html, status_code: 200
page size: 787
https://kevinli-webbertech.github.io/blog/html/ref/python/lang/python_io.html, status_code: 200
page size: 791
https://kevinli-webbertech.github.io/blog/html/ref/python/lang/python_thread.html, status_code: 200
page size: 788
https://kevinli-webbertech.github.io/blog/html/ref/python/lang/python_xml.html, status_code: 200
page size: 793
https://kevinli-webbertech.github.io/blog/html/ref/python/lang/python_database.html, status_code: 200
page size: 792
https://kevinli-webbertech.github.io/blog/html/ref/python/googlemap/googlemap.html, status_code: 200
page size: 790
https://kevinli-webbertech.github.io/blog/html/ref/python/ocr/tesseract_ocr.html, status_code: 200
page size: 790
https://kevinli-webbertech.github.io/blog/html/ref/java/java_stream.html, status_code: 200
page size: 792
https://kevinli-webbertech.github.io/blog/html/ref/java/java_optional.html, status_code: 200
page size: 795
https://kevinli-webbertech.github.io/blog/html/ref/java/java_lambda.html, status_code: 200
page size: 801
https://kevinli-webbertech.github.io/blog/html/ref/java/java_generics.html, status_code: 200
page size: 805
https://kevinli-webbertech.github.io/blog/html/ref/java/java_datastructures.html, status_code: 200
page size: 777
https://kevinli-webbertech.github.io/blog/html/ref/database/mysql/mysql.html, status_code: 200
page size: 892
https://kevinli-webbertech.github.io/blog/html/ref/linux/linux_cmd.html, status_code: 200
page size: 895
https://kevinli-webbertech.github.io/blog/html/ref/linux/linux_distro.html, status_code: 200
page size: 903
https://kevinli-webbertech.github.io/blog/html/ref/linux/linux_window_manager.html, status_code: 200
page size: 899
https://kevinli-webbertech.github.io/blog/html/ref/linux/linux_filesystem.html, status_code: 200
page size: 897
https://kevinli-webbertech.github.io/blog/html/ref/linux/linux_firewall.html, status_code: 200
page size: 894
https://kevinli-webbertech.github.io/blog/html/ref/linux/linux_shell.html, status_code: 200
page size: 894
https://kevinli-webbertech.github.io/blog/html/ref/linux/linux_tools.html, status_code: 200
page size: 1165
https://kevinli-webbertech.github.io/blog/html/ref/linux/git.html, status_code: 200
page size: 886
https://kevinli-webbertech.github.io/blog/html/ref/linux/vim.html, status_code: 200
page size: 887
https://kevinli-webbertech.github.io/blog/html/ref/linux/nano.html, status_code: 200
page size: 889
https://kevinli-webbertech.github.io/blog/html/ref/linux/ubuntu.html, status_code: 200
page size: 814
https://kevinli-webbertech.github.io/blog/html/ref/machine_learning/scikit_learn/scikit_learn_intro.html, status_code: 200
page size: 821
https://kevinli-webbertech.github.io/blog/html/ref/machine_learning/scikit_learn/scikit_learn_installation.html, status_code: 200
page size: 815
https://kevinli-webbertech.github.io/blog/html/ref/machine_learning/scikit_learn/data_representation.html, status_code: 200
page size: 808
https://kevinli-webbertech.github.io/blog/html/ref/machine_learning/scikit_learn/linearmodels.html, status_code: 200
page size: 809
https://kevinli-webbertech.github.io/blog/html/ref/machine_learning/scikit_learn/estimator_api.html, status_code: 200
page size: 824
https://kevinli-webbertech.github.io/blog/html/ref/machine_learning/scikit_learn/decisiontree_ensemblemethods.html, status_code: 200
page size: 806
https://kevinli-webbertech.github.io/blog/html/ref/machine_learning/scikit_learn/clustering.html, status_code: 200
page size: 820
https://kevinli-webbertech.github.io/blog/html/ref/machine_learning/scikit_learn/dimensionality_reduction.html, status_code: 200
page size: 813
https://kevinli-webbertech.github.io/blog/html/ref/machine_learning/scikit_learn/anomaly_detection.html, status_code: 200
page size: 807
https://kevinli-webbertech.github.io/blog/html/ref/machine_learning/scikit_learn/casestudies.html, status_code: 200
page size: 811
https://kevinli-webbertech.github.io/blog/html/ref/machine_learning/scikit_learn/advanced_topics.html, status_code: 200
page size: 805
https://kevinli-webbertech.github.io/blog/html/ref/machine_learning/scikit_learn/resources.html, status_code: 200
page size: 859
https://kevinli-webbertech.github.io/blog/html/ref/machine_learning/keras/keras_intro.html, status_code: 200
page size: 866
https://kevinli-webbertech.github.io/blog/html/ref/machine_learning/keras/keras_installation.html, status_code: 200
page size: 874
https://kevinli-webbertech.github.io/blog/html/ref/machine_learning/keras/keras_backendConfiguration.html, status_code: 200
page size: 860
https://kevinli-webbertech.github.io/blog/html/ref/machine_learning/keras/keras_module.html, status_code: 200
page size: 859
https://kevinli-webbertech.github.io/blog/html/ref/machine_learning/keras/keras_layer.html, status_code: 200
page size: 859
https://kevinli-webbertech.github.io/blog/html/ref/machine_learning/keras/keras_model.html, status_code: 200
page size: 871
https://kevinli-webbertech.github.io/blog/html/ref/machine_learning/keras/keras_model_compilation.html, status_code: 200
page size: 876
https://kevinli-webbertech.github.io/blog/html/ref/machine_learning/keras/keras_modelEvalAndPrediction.html, status_code: 200
page size: 878
https://kevinli-webbertech.github.io/blog/html/ref/machine_learning/keras/keras_ConvolutionNeuralNetwork.html, status_code: 200
page size: 878
https://kevinli-webbertech.github.io/blog/html/ref/machine_learning/keras/keras_RegressionPrediction_MPL.html, status_code: 200
page size: 883
https://kevinli-webbertech.github.io/blog/html/ref/machine_learning/keras/keras_TimeSeriesPrediction_LSTM_RNN.html, status_code: 200
page size: 866
https://kevinli-webbertech.github.io/blog/html/ref/machine_learning/keras/keras_application.html, status_code: 200
page size: 885
https://kevinli-webbertech.github.io/blog/html/ref/machine_learning/keras/keras_RealTimePrediction_ResNet_Model.html, status_code: 200
page size: 871
https://kevinli-webbertech.github.io/blog/html/ref/machine_learning/keras/keras_Pre-TrainedModels.html, status_code: 200
page size: 765
https://kevinli-webbertech.github.io/blog/html/courses_list.html, status_code: 200
page size: 14323
https://kevinli-webbertech.github.io/index.html, status_code: 200
page size: 36918
https://kevinli-webbertech.github.io/indicator.html, status_code: 200
page size: 3332
https://kevinli-webbertech.github.io/news.html, status_code: 200
page size: 1929
https://kevinli-webbertech.github.io/philosophy.html, status_code: 200
page size: 50468
https://kevinli-webbertech.github.io/blog.html, status_code: 200
page size: 1234
https://kevinli-webbertech.github.io/about_me.html, status_code: 200
==============Printing Broken Links======================
https://kevinli-webbertech.github.io/blog/html/courses/cybersecurity/
https://kevinli-webbertech.github.io/blog/html/courses/cybersecurity/
https://kevinli-webbertech.github.io/blog/html/courses/cybersecurity/
